  compilation object save succeeded; see C:\Users\Ahrl\source\repos\DX21_BASIC_TEXTURE\x64\Release\PixelShader2D.cso
  compilation object save succeeded; see C:\Users\Ahrl\source\repos\DX21_BASIC_TEXTURE\x64\Release\VertexShader2D.cso
  debug_text.cpp
  direct3d.cpp
  main.cpp
C:\Users\Ahrl\source\repos\DX21_BASIC_TEXTURE\main.cpp(192,31): warning C4838: 'const unsigned int' から 'float' への変換には縮小変換が必要です
C:\Users\Ahrl\source\repos\DX21_BASIC_TEXTURE\main.cpp(192,31): warning C4244: '初期化中': 'const unsigned int' から 'float' への変換です。データが失われる可能性があります。
C:\Users\Ahrl\source\repos\DX21_BASIC_TEXTURE\main.cpp(192,60): warning C4838: 'const unsigned int' から 'float' への変換には縮小変換が必要です
C:\Users\Ahrl\source\repos\DX21_BASIC_TEXTURE\main.cpp(192,60): warning C4244: '初期化中': 'const unsigned int' から 'float' への変換です。データが失われる可能性があります。
C:\Users\Ahrl\source\repos\DX21_BASIC_TEXTURE\main.cpp(197,31): warning C4838: 'const unsigned int' から 'float' への変換には縮小変換が必要です
C:\Users\Ahrl\source\repos\DX21_BASIC_TEXTURE\main.cpp(197,31): warning C4244: '初期化中': 'const unsigned int' から 'float' への変換です。データが失われる可能性があります。
C:\Users\Ahrl\source\repos\DX21_BASIC_TEXTURE\main.cpp(197,60): warning C4838: 'const unsigned int' から 'float' への変換には縮小変換が必要です
C:\Users\Ahrl\source\repos\DX21_BASIC_TEXTURE\main.cpp(197,60): warning C4244: '初期化中': 'const unsigned int' から 'float' への変換です。データが失われる可能性があります。
  polygon.cpp
  shader.cpp
  sprite.cpp
  sprite_anim.cpp
C:\Users\Ahrl\source\repos\DX21_BASIC_TEXTURE\sprite_anim.cpp(19,29): warning C4244: '=': 'const unsigned int' から 'float' への変換です。データが失われる可能性があります。
C:\Users\Ahrl\source\repos\DX21_BASIC_TEXTURE\sprite_anim.cpp(20,30): warning C4244: '=': 'const unsigned int' から 'float' への変換です。データが失われる可能性があります。
C:\Users\Ahrl\source\repos\DX21_BASIC_TEXTURE\sprite_anim.cpp(48,11): warning C4244: '=': 'int' から 'float' への変換です。データが失われる可能性があります。
  system_timer.cpp
  texture.cpp
  WICTextureLoader11.cpp
  コード生成しています。
  Previous IPDB not found, fall back to full compilation.
  All 907 functions were compiled because no usable IPDB/IOBJ from previous compilation was found.
  コード生成が終了しました。
DirectXTex_Release.lib(DirectXTexD3D11.obj) : warning LNK4099: PDB '' が 'DirectXTex_Release.lib(DirectXTexD3D11.obj)' で、または '' に見つかりません。デバッグ情報がないものとして、オブジェクトにリンクします。
DirectXTex_Release.lib(DirectXTexMipMaps.obj) : warning LNK4099: PDB '' が 'DirectXTex_Release.lib(DirectXTexMipMaps.obj)' で、または '' に見つかりません。デバッグ情報がないものとして、オブジェクトにリンクします。
DirectXTex_Release.lib(DirectXTexWIC.obj) : warning LNK4099: PDB '' が 'DirectXTex_Release.lib(DirectXTexWIC.obj)' で、または '' に見つかりません。デバッグ情報がないものとして、オブジェクトにリンクします。
DirectXTex_Release.lib(DirectXTexImage.obj) : warning LNK4099: PDB '' が 'DirectXTex_Release.lib(DirectXTexImage.obj)' で、または '' に見つかりません。デバッグ情報がないものとして、オブジェクトにリンクします。
DirectXTex_Release.lib(DirectXTexUtil.obj) : warning LNK4099: PDB '' が 'DirectXTex_Release.lib(DirectXTexUtil.obj)' で、または '' に見つかりません。デバッグ情報がないものとして、オブジェクトにリンクします。
DirectXTex_Release.lib(DirectXTexConvert.obj) : warning LNK4099: PDB '' が 'DirectXTex_Release.lib(DirectXTexConvert.obj)' で、または '' に見つかりません。デバッグ情報がないものとして、オブジェクトにリンクします。
DirectXTex_Release.lib(DirectXTexCompress.obj) : warning LNK4099: PDB '' が 'DirectXTex_Release.lib(DirectXTexCompress.obj)' で、または '' に見つかりません。デバッグ情報がないものとして、オブジェクトにリンクします。
DirectXTex_Release.lib(BC.obj) : warning LNK4099: PDB '' が 'DirectXTex_Release.lib(BC.obj)' で、または '' に見つかりません。デバッグ情報がないものとして、オブジェクトにリンクします。
DirectXTex_Release.lib(BC4BC5.obj) : warning LNK4099: PDB '' が 'DirectXTex_Release.lib(BC4BC5.obj)' で、または '' に見つかりません。デバッグ情報がないものとして、オブジェクトにリンクします。
DirectXTex_Release.lib(BC6HBC7.obj) : warning LNK4099: PDB '' が 'DirectXTex_Release.lib(BC6HBC7.obj)' で、または '' に見つかりません。デバッグ情報がないものとして、オブジェクトにリンクします。
  DX21_BASIC.vcxproj -> C:\Users\Ahrl\source\repos\DX21_BASIC_TEXTURE\x64\Release\DX21_BASIC.exe
  C:\Users\Ahrl\source\repos\DX21_BASIC_TEXTURE\x64\Release\PixelShader2D.cso
  C:\Users\Ahrl\source\repos\DX21_BASIC_TEXTURE\x64\Release\VertexShader2D.cso
  2 個のファイルをコピーしました
