  compilation object save succeeded; see C:\Users\Ahrl\OneDrive\ドキュメント\SorceTree\HEW_BRIGHTOUT\bin\Debug\PixelShader2D.cso
  compilation object save succeeded; see C:\Users\Ahrl\OneDrive\ドキュメント\SorceTree\HEW_BRIGHTOUT\bin\Debug\PixelShader3D.cso
  compilation object save succeeded; see C:\Users\Ahrl\OneDrive\ドキュメント\SorceTree\HEW_BRIGHTOUT\bin\Debug\VertexShader2D.cso
  compilation object save succeeded; see C:\Users\Ahrl\OneDrive\ドキュメント\SorceTree\HEW_BRIGHTOUT\bin\Debug\VertexShader3D.cso
  main.cpp
  WICTextureLoader11.cpp
  cube.cpp
  debug_camera.cpp
  debug_text.cpp
  direct3d.cpp
  game.cpp
  grid.cpp
  key_logger.cpp
  keyboard.cpp
  light.cpp
  model.cpp
  mouse.cpp
  polygon.cpp
  shader.cpp
  shader3d.cpp
  sprite.cpp
  system_timer.cpp
  texture.cpp
  コードを生成中...
  DX21_BASIC.vcxproj -> C:\Users\Ahrl\OneDrive\ドキュメント\SorceTree\HEW_BRIGHTOUT\bin\Debug\DX21_BASIC.exe
  'pwsh.exe' は、内部コマンドまたは外部コマンド、
  操作可能なプログラムまたはバッチ ファイルとして認識されていません。
  C:\Users\Ahrl\OneDrive\ドキュメント\SorceTree\HEW_BRIGHTOUT\\shaders\cso\PixelShader2D.cso
  C:\Users\Ahrl\OneDrive\ドキュメント\SorceTree\HEW_BRIGHTOUT\\shaders\cso\PixelShader3D.cso
  C:\Users\Ahrl\OneDrive\ドキュメント\SorceTree\HEW_BRIGHTOUT\\shaders\cso\VertexShader2D.cso
  C:\Users\Ahrl\OneDrive\ドキュメント\SorceTree\HEW_BRIGHTOUT\\shaders\cso\VertexShader3D.cso
  4 個のファイルをコピーしました
